[01-Dec-2025 14:40:40] NOTICE: fpm is running, pid 3081
[01-Dec-2025 14:40:40] NOTICE: ready to handle connections
[01-Dec-2025 16:02:47] NOTICE: Terminating ...
[01-Dec-2025 16:02:47] NOTICE: Terminating ...
[01-Dec-2025 16:02:47] NOTICE: exiting, bye-bye!
[01-Dec-2025 18:00:17] NOTICE: fpm is running, pid 69708
[01-Dec-2025 18:00:17] NOTICE: ready to handle connections
[02-Dec-2025 10:46:55] NOTICE: Terminating ...
[02-Dec-2025 10:46:55] NOTICE: Terminating ...
[02-Dec-2025 10:46:55] NOTICE: exiting, bye-bye!
[02-Dec-2025 10:46:59] NOTICE: fpm is running, pid 75623
[02-Dec-2025 10:46:59] NOTICE: ready to handle connections
[02-Dec-2025 10:50:52] NOTICE: Terminating ...
[02-Dec-2025 10:50:52] NOTICE: Terminating ...
[02-Dec-2025 10:50:52] NOTICE: exiting, bye-bye!
[04-Dec-2025 14:58:20] NOTICE: fpm is running, pid 47426
[04-Dec-2025 14:58:20] NOTICE: ready to handle connections
[04-Dec-2025 15:25:56] NOTICE: Terminating ...
[04-Dec-2025 15:25:56] NOTICE: Terminating ...
[04-Dec-2025 15:25:56] NOTICE: exiting, bye-bye!
[08-Dec-2025 18:38:28] NOTICE: fpm is running, pid 20806
[08-Dec-2025 18:38:28] NOTICE: ready to handle connections
[08-Dec-2025 22:05:05] NOTICE: Terminating ...
[08-Dec-2025 22:05:05] NOTICE: Terminating ...
[08-Dec-2025 22:05:05] NOTICE: exiting, bye-bye!
[19-Jan-2026 14:06:24] NOTICE: fpm is running, pid 48394
[19-Jan-2026 14:06:24] NOTICE: ready to handle connections
[19-Jan-2026 14:31:56] NOTICE: Terminating ...
[19-Jan-2026 14:31:56] NOTICE: Terminating ...
[19-Jan-2026 14:31:56] NOTICE: exiting, bye-bye!
[23-Jan-2026 15:23:43] NOTICE: fpm is running, pid 94530
[23-Jan-2026 15:23:43] NOTICE: ready to handle connections
[24-Jan-2026 19:07:39] NOTICE: Terminating ...
[24-Jan-2026 19:07:39] NOTICE: Terminating ...
[24-Jan-2026 19:07:39] NOTICE: exiting, bye-bye!
[24-Jan-2026 19:11:04] NOTICE: fpm is running, pid 85014
[24-Jan-2026 19:11:04] NOTICE: ready to handle connections
[24-Jan-2026 19:33:03] NOTICE: Terminating ...
[24-Jan-2026 19:33:03] NOTICE: Terminating ...
[24-Jan-2026 19:33:03] NOTICE: exiting, bye-bye!
[25-Jan-2026 15:02:34] NOTICE: fpm is running, pid 70711
[25-Jan-2026 15:02:34] NOTICE: ready to handle connections
[25-Jan-2026 17:17:57] NOTICE: Terminating ...
[25-Jan-2026 17:17:57] NOTICE: Terminating ...
[25-Jan-2026 17:17:57] NOTICE: exiting, bye-bye!
[26-Jan-2026 13:57:21] NOTICE: fpm is running, pid 7115
[26-Jan-2026 13:57:21] NOTICE: ready to handle connections
[27-Jan-2026 14:31:53] NOTICE: Terminating ...
[27-Jan-2026 14:31:53] NOTICE: Terminating ...
[27-Jan-2026 14:31:53] NOTICE: exiting, bye-bye!
[27-Jan-2026 15:25:27] NOTICE: fpm is running, pid 40374
[27-Jan-2026 15:25:27] NOTICE: ready to handle connections
[27-Jan-2026 15:59:11] NOTICE: Terminating ...
[27-Jan-2026 15:59:11] NOTICE: Terminating ...
[27-Jan-2026 15:59:11] NOTICE: exiting, bye-bye!
[27-Jan-2026 15:59:13] NOTICE: fpm is running, pid 50214
[27-Jan-2026 15:59:13] NOTICE: ready to handle connections
[27-Jan-2026 16:01:51] NOTICE: Terminating ...
[27-Jan-2026 16:01:51] NOTICE: Terminating ...
[27-Jan-2026 16:01:51] NOTICE: exiting, bye-bye!
[27-Jan-2026 16:03:08] NOTICE: fpm is running, pid 53212
[27-Jan-2026 16:03:08] NOTICE: ready to handle connections
[27-Jan-2026 16:04:04] NOTICE: Terminating ...
[27-Jan-2026 16:04:04] NOTICE: exiting, bye-bye!
[27-Jan-2026 16:04:04] NOTICE: fpm is running, pid 54043
[27-Jan-2026 16:04:04] NOTICE: ready to handle connections
[27-Jan-2026 16:08:34] NOTICE: Terminating ...
[27-Jan-2026 16:08:34] NOTICE: exiting, bye-bye!
[27-Jan-2026 16:10:37] NOTICE: fpm is running, pid 2785
[27-Jan-2026 16:10:37] NOTICE: ready to handle connections
[27-Jan-2026 16:10:39] NOTICE: Terminating ...
[27-Jan-2026 16:10:39] NOTICE: Terminating ...
[27-Jan-2026 16:10:39] NOTICE: exiting, bye-bye!
[27-Jan-2026 16:10:47] NOTICE: fpm is running, pid 3369
[27-Jan-2026 16:10:47] NOTICE: ready to handle connections
[27-Jan-2026 16:12:37] NOTICE: Terminating ...
[27-Jan-2026 16:12:37] NOTICE: Terminating ...
[27-Jan-2026 16:12:37] NOTICE: exiting, bye-bye!
[27-Jan-2026 16:12:56] NOTICE: fpm is running, pid 5189
[27-Jan-2026 16:12:56] NOTICE: ready to handle connections
[27-Jan-2026 16:13:48] NOTICE: Terminating ...
[27-Jan-2026 16:13:48] NOTICE: Terminating ...
[27-Jan-2026 16:13:48] NOTICE: exiting, bye-bye!
[28-Jan-2026 14:29:25] NOTICE: fpm is running, pid 28864
[28-Jan-2026 14:29:25] NOTICE: ready to handle connections
[28-Jan-2026 15:10:57] NOTICE: Terminating ...
[28-Jan-2026 15:10:57] NOTICE: Terminating ...
[28-Jan-2026 15:10:57] NOTICE: exiting, bye-bye!
[28-Jan-2026 15:11:01] NOTICE: fpm is running, pid 43929
[28-Jan-2026 15:11:01] NOTICE: ready to handle connections
