::1 - - [27/Jan/2026:16:04:15 +0200] "GET /wp-admin/?localwp_auto_login=1 HTTP/1.1" 302 -
::1 - - [27/Jan/2026:16:04:16 +0200] "GET /wp-admin/user/ HTTP/1.1" 302 -
::1 - - [27/Jan/2026:16:04:16 +0200] "GET /wp-admin/ HTTP/1.1" 200 68062
::1 - - [27/Jan/2026:16:04:16 +0200] "GET /wp-includes/js/thickbox/thickbox.css?ver=6.9 HTTP/1.1" 200 2649
::1 - - [27/Jan/2026:16:04:16 +0200] "GET /wp-admin/load-scripts.php?c=0&load%5Bchunk_0%5D=jquery-core,jquery-migrate,utils&ver=6.9 HTTP/1.1" 200 102997
::1 - - [27/Jan/2026:16:04:16 +0200] "GET /wp-includes/js/dist/i18n.min.js?ver=c26c3dc7bed366793375 HTTP/1.1" 200 5314
::1 - - [27/Jan/2026:16:04:16 +0200] "GET /wp-includes/js/dist/a11y.min.js?ver=cb460b4676c94bd228ed HTTP/1.1" 200 2212
::1 - - [27/Jan/2026:16:04:16 +0200] "GET /wp-includes/js/hoverintent-js.min.js?ver=2.2.1 HTTP/1.1" 200 1718
::1 - - [27/Jan/2026:16:04:16 +0200] "GET /wp-admin/js/common.min.js?ver=6.9 HTTP/1.1" 200 23676
::1 - - [27/Jan/2026:16:04:16 +0200] "GET /wp-admin/load-scripts.php?c=0&load%5Bchunk_0%5D=hoverIntent,wp-dom-ready,wp-hooks&ver=6.9 HTTP/1.1" 200 7620
::1 - - [27/Jan/2026:16:04:16 +0200] "GET /wp-admin/load-styles.php?c=0&dir=ltr&load%5Bchunk_0%5D=dashicons,admin-bar,site-health,common,forms,admin-menu,dashboard,list-tables,edit,revisions,media,themes,about,nav-menus,wp-poi&load%5Bchunk_1%5D=nter,widgets,site-icon,l10n,buttons,wp-auth-check,wp-components,wp-commands&ver=6.9 HTTP/1.1" 200 528950
::1 - - [27/Jan/2026:16:04:16 +0200] "GET /wp-includes/js/clipboard.min.js?ver=2.0.11 HTTP/1.1" 200 9009
::1 - - [27/Jan/2026:16:04:16 +0200] "GET /wp-includes/js/admin-bar.min.js?ver=6.9 HTTP/1.1" 200 3487
::1 - - [27/Jan/2026:16:04:16 +0200] "GET /wp-includes/js/underscore.min.js?ver=1.13.7 HTTP/1.1" 200 18905
::1 - - [27/Jan/2026:16:04:16 +0200] "GET /wp-includes/js/wp-util.min.js?ver=6.9 HTTP/1.1" 200 1426
::1 - - [27/Jan/2026:16:04:16 +0200] "GET /wp-includes/js/wp-ajax-response.min.js?ver=6.9 HTTP/1.1" 200 2571
::1 - - [27/Jan/2026:16:04:16 +0200] "GET /wp-includes/js/api-request.min.js?ver=6.9 HTTP/1.1" 200 1023
::1 - - [27/Jan/2026:16:04:16 +0200] "GET /wp-includes/js/jquery/jquery.color.min.js?ver=3.0.0 HTTP/1.1" 200 6645
::1 - - [27/Jan/2026:16:04:16 +0200] "GET /wp-includes/js/jquery/jquery.query.js?ver=2.2.3 HTTP/1.1" 200 3694
::1 - - [27/Jan/2026:16:04:16 +0200] "GET /wp-includes/js/dist/url.min.js?ver=9e178c9516d1222dc834 HTTP/1.1" 200 8531
::1 - - [27/Jan/2026:16:04:16 +0200] "GET /wp-admin/js/site-health.min.js?ver=6.9 HTTP/1.1" 200 6282
::1 - - [27/Jan/2026:16:04:16 +0200] "GET /wp-includes/js/wp-lists.min.js?ver=6.9 HTTP/1.1" 200 7521
::1 - - [27/Jan/2026:16:04:16 +0200] "GET /wp-includes/js/quicktags.min.js?ver=6.9 HTTP/1.1" 200 11132
::1 - - [27/Jan/2026:16:04:16 +0200] "GET /wp-admin/js/edit-comments.min.js?ver=6.9 HTTP/1.1" 200 15488
::1 - - [27/Jan/2026:16:04:16 +0200] "GET /wp-admin/js/postbox.min.js?ver=6.9 HTTP/1.1" 200 6761
::1 - - [27/Jan/2026:16:04:16 +0200] "GET /wp-includes/js/jquery/ui/mouse.min.js?ver=1.13.3 HTTP/1.1" 200 3428
::1 - - [27/Jan/2026:16:04:16 +0200] "GET /wp-includes/js/dist/deprecated.min.js?ver=e1f84915c5e8ae38964c HTTP/1.1" 200 684
::1 - - [27/Jan/2026:16:04:16 +0200] "GET /wp-admin/js/dashboard.min.js?ver=6.9 HTTP/1.1" 200 8862
::1 - - [27/Jan/2026:16:04:16 +0200] "GET /wp-includes/js/jquery/ui/sortable.min.js?ver=1.13.3 HTTP/1.1" 200 25504
::1 - - [27/Jan/2026:16:04:16 +0200] "GET /wp-includes/js/jquery/ui/core.min.js?ver=1.13.3 HTTP/1.1" 200 21464
::1 - - [27/Jan/2026:16:04:16 +0200] "GET /wp-includes/js/dist/vendor/moment.min.js?ver=2.30.1 HTTP/1.1" 200 58812
::1 - - [27/Jan/2026:16:04:16 +0200] "GET /wp-includes/js/thickbox/thickbox.js?ver=3.1-20121105 HTTP/1.1" 200 13332
::1 - - [27/Jan/2026:16:04:16 +0200] "GET /wp-includes/js/dist/date.min.js?ver=795a56839718d3ff7eae HTTP/1.1" 200 783699
::1 - - [27/Jan/2026:16:04:16 +0200] "GET /wp-includes/js/wp-sanitize.min.js?ver=6.9 HTTP/1.1" 200 444
::1 - - [27/Jan/2026:16:04:16 +0200] "GET /wp-admin/js/plugin-install.min.js?ver=6.9 HTTP/1.1" 200 2403
::1 - - [27/Jan/2026:16:04:16 +0200] "GET /wp-includes/js/shortcode.min.js?ver=6.9 HTTP/1.1" 200 2643
::1 - - [27/Jan/2026:16:04:16 +0200] "GET /wp-admin/js/media-upload.min.js?ver=6.9 HTTP/1.1" 200 1152
::1 - - [27/Jan/2026:16:04:16 +0200] "GET /wp-includes/js/wp-auth-check.min.js?ver=6.9 HTTP/1.1" 200 1658
::1 - - [27/Jan/2026:16:04:16 +0200] "GET /wp-admin/js/svg-painter.js?ver=6.9 HTTP/1.1" 200 3280
::1 - - [27/Jan/2026:16:04:16 +0200] "GET /wp-includes/js/dist/vendor/react.min.js?ver=18.3.1.1 HTTP/1.1" 200 10628
::1 - - [27/Jan/2026:16:04:16 +0200] "GET /wp-includes/js/heartbeat.min.js?ver=6.9 HTTP/1.1" 200 5947
::1 - - [27/Jan/2026:16:04:16 +0200] "GET /wp-includes/js/dist/vendor/react-jsx-runtime.min.js?ver=18.3.1 HTTP/1.1" 200 900
::1 - - [27/Jan/2026:16:04:16 +0200] "GET /wp-includes/js/dist/dom.min.js?ver=26edef3be6483da3de2e HTTP/1.1" 200 12598
::1 - - [27/Jan/2026:16:04:16 +0200] "GET /wp-admin/js/updates.min.js?ver=6.9 HTTP/1.1" 200 48443
::1 - - [27/Jan/2026:16:04:16 +0200] "GET /wp-includes/js/dist/escape-html.min.js?ver=6561a406d2d232a6fbd2 HTTP/1.1" 200 1000
::1 - - [27/Jan/2026:16:04:16 +0200] "GET /wp-includes/js/dist/element.min.js?ver=6a582b0c827fa25df3dd HTTP/1.1" 200 12112
::1 - - [27/Jan/2026:16:04:16 +0200] "GET /wp-includes/js/dist/is-shallow-equal.min.js?ver=e0f9f1d78d83f5196979 HTTP/1.1" 200 1018
::1 - - [27/Jan/2026:16:04:16 +0200] "GET /wp-includes/js/dist/priority-queue.min.js?ver=2d59d091223ee9a33838 HTTP/1.1" 200 3382
::1 - - [27/Jan/2026:16:04:16 +0200] "GET /wp-includes/js/dist/html-entities.min.js?ver=e8b78b18a162491d5e5f HTTP/1.1" 200 792
::1 - - [27/Jan/2026:16:04:16 +0200] "GET /wp-includes/js/dist/keycodes.min.js?ver=34c8fb5e7a594a1c8037 HTTP/1.1" 200 2568
::1 - - [27/Jan/2026:16:04:16 +0200] "GET /wp-includes/js/dist/primitives.min.js?ver=0b5dcc337aa7cbf75570 HTTP/1.1" 200 1661
::1 - - [27/Jan/2026:16:04:16 +0200] "GET /wp-includes/js/dist/private-apis.min.js?ver=4f465748bda624774139 HTTP/1.1" 200 2833
::1 - - [27/Jan/2026:16:04:16 +0200] "GET /wp-includes/js/dist/redux-routine.min.js?ver=8bb92d45458b29590f53 HTTP/1.1" 200 8889
::1 - - [27/Jan/2026:16:04:16 +0200] "GET /wp-includes/js/dist/compose.min.js?ver=7a9b375d8c19cf9d3d9b HTTP/1.1" 200 36634
::1 - - [27/Jan/2026:16:04:16 +0200] "GET /wp-includes/js/dist/data.min.js?ver=f940198280891b0b6318 HTTP/1.1" 200 25446
::1 - - [27/Jan/2026:16:04:16 +0200] "GET /wp-includes/js/dist/warning.min.js?ver=d69bc18c456d01c11d5a HTTP/1.1" 200 303
::1 - - [27/Jan/2026:16:04:16 +0200] "GET /wp-includes/js/dist/keyboard-shortcuts.min.js?ver=fbc45a34ce65c5723afa HTTP/1.1" 200 3056
::1 - - [27/Jan/2026:16:04:16 +0200] "GET /wp-includes/js/dist/vendor/react-dom.min.js?ver=18.3.1.1 HTTP/1.1" 200 128946
::1 - - [27/Jan/2026:16:04:16 +0200] "GET /wp-includes/js/dist/api-fetch.min.js?ver=3a4d9af2b423048b0dee HTTP/1.1" 200 5799
::1 - - [27/Jan/2026:16:04:16 +0200] "GET /wp-includes/js/dist/rich-text.min.js?ver=5bdbb44f3039529e3645 HTTP/1.1" 200 37297
::1 - - [27/Jan/2026:16:04:16 +0200] "GET /wp-includes/js/dist/blob.min.js?ver=9113eed771d446f4a556 HTTP/1.1" 200 1108
::1 - - [27/Jan/2026:16:04:16 +0200] "GET /wp-includes/js/dist/autop.min.js?ver=9fb50649848277dd318d HTTP/1.1" 200 5614
::1 - - [27/Jan/2026:16:04:16 +0200] "GET /wp-includes/js/dist/block-serialization-default-parser.min.js?ver=14d44daebf663d05d330 HTTP/1.1" 200 2400
::1 - - [27/Jan/2026:16:04:16 +0200] "GET /wp-includes/js/dist/shortcode.min.js?ver=0b3174183b858f2df320 HTTP/1.1" 200 2898
::1 - - [27/Jan/2026:16:04:16 +0200] "GET /wp-includes/js/dist/commands.min.js?ver=cac8f4817ab7cea0ac49 HTTP/1.1" 200 49929
::1 - - [27/Jan/2026:16:04:16 +0200] "GET /wp-includes/js/dist/notices.min.js?ver=f62fbf15dcc23301922f HTTP/1.1" 200 2078
::1 - - [27/Jan/2026:16:04:16 +0200] "GET /wp-includes/js/dist/preferences-persistence.min.js?ver=e954d3a4426d311f7d1a HTTP/1.1" 200 5457
::1 - - [27/Jan/2026:16:04:16 +0200] "GET /wp-includes/js/dist/style-engine.min.js?ver=7c6fcedc37dadafb8a81 HTTP/1.1" 200 6059
::1 - - [27/Jan/2026:16:04:16 +0200] "GET /wp-includes/js/dist/preferences.min.js?ver=2ca086aed510c242a1ed HTTP/1.1" 200 7014
::1 - - [27/Jan/2026:16:04:16 +0200] "GET /wp-includes/js/dist/token-list.min.js?ver=cfdf635a436c3953a965 HTTP/1.1" 200 1299
::1 - - [27/Jan/2026:16:04:16 +0200] "GET /wp-includes/js/dist/router.min.js?ver=2dfc4b954318a03e6a76 HTTP/1.1" 200 13763
::1 - - [27/Jan/2026:16:04:16 +0200] "GET /wp-includes/js/dist/core-commands.min.js?ver=effe2d88d7f0c50a8ce9 HTTP/1.1" 200 10639
::1 - - [27/Jan/2026:16:04:16 +0200] "GET /wp-includes/js/dist/blocks.min.js?ver=de131db49fa830bc97da HTTP/1.1" 200 176732
::1 - - [27/Jan/2026:16:04:16 +0200] "GET /wp-includes/js/dist/core-data.min.js?ver=15baadfe6e1374188072 HTTP/1.1" 200 70383
::1 - - [27/Jan/2026:16:04:16 +0200] "GET /wp-includes/js/dist/components.min.js?ver=ad5cb4227f07a3d422ad HTTP/1.1" 200 805252
::1 - - [27/Jan/2026:16:04:16 +0200] "GET /wp-includes/js/dist/block-editor.min.js?ver=6ab992f915da9674d250 HTTP/1.1" 200 891629
::1 - - [27/Jan/2026:16:04:16 +0200] "GET /wp-includes/js/thickbox/loadingAnimation.gif HTTP/1.1" 200 15238
::1 - - [27/Jan/2026:16:04:16 +0200] "POST /wp-admin/admin-ajax.php HTTP/1.1" 200 92
::1 - - [27/Jan/2026:16:04:16 +0200] "GET /wp-admin/images/spinner-2x.gif HTTP/1.1" 200 7536
::1 - - [27/Jan/2026:16:04:19 +0200] "GET / HTTP/1.1" 200 46252
::1 - - [27/Jan/2026:16:04:19 +0200] "GET /wp-includes/css/admin-bar.min.css?ver=6.9 HTTP/1.1" 200 20125
::1 - - [27/Jan/2026:16:04:19 +0200] "GET /wp-includes/css/dashicons.min.css?ver=6.9 HTTP/1.1" 200 59004
::1 - - [27/Jan/2026:16:04:19 +0200] "GET /wp-includes/js/jquery/jquery.min.js?ver=3.7.1 HTTP/1.1" 200 87553
::1 - - [27/Jan/2026:16:04:19 +0200] "GET /wp-includes/js/jquery/jquery-migrate.min.js?ver=3.4.1 HTTP/1.1" 200 13577
::1 - - [27/Jan/2026:16:04:19 +0200] "GET /wp-content/themes/education-hub/css/blocks.css?ver=20201208 HTTP/1.1" 200 3238
::1 - - [27/Jan/2026:16:04:19 +0200] "GET /wp-content/themes/education-hub/style.css?ver=3.0.1 HTTP/1.1" 200 98334
::1 - - [27/Jan/2026:16:04:19 +0200] "GET /wp-content/themes/education-hub/third-party/font-awesome/css/all.min.css?ver=6.7.2 HTTP/1.1" 200 73890
::1 - - [27/Jan/2026:16:04:19 +0200] "GET /wp-content/themes/education-hub/js/skip-link-focus-fix.min.js?ver=20130115 HTTP/1.1" 200 476
::1 - - [27/Jan/2026:16:04:19 +0200] "GET /wp-content/themes/education-hub/third-party/cycle2/js/jquery.cycle2.min.js?ver=2.1.6 HTTP/1.1" 200 21941
::1 - - [27/Jan/2026:16:04:19 +0200] "GET /wp-content/themes/education-hub/js/custom.min.js?ver=1.0 HTTP/1.1" 200 646
::1 - - [27/Jan/2026:16:04:19 +0200] "GET /wp-content/themes/education-hub/js/navigation.min.js?ver=20120206 HTTP/1.1" 200 3526
::1 - - [27/Jan/2026:16:04:19 +0200] "GET /wp-content/themes/education-hub/third-party/font-awesome/webfonts/fa-solid-900.woff2 HTTP/1.1" 200 158220
::1 - - [27/Jan/2026:16:04:19 +0200] "GET /wp-includes/js/wp-emoji-release.min.js?ver=6.9 HTTP/1.1" 200 22762
::1 - - [27/Jan/2026:16:05:16 +0200] "POST /wp-admin/admin-ajax.php HTTP/1.1" 200 47
::1 - - [27/Jan/2026:16:07:16 +0200] "POST /wp-admin/admin-ajax.php HTTP/1.1" 200 47
::1 - - [27/Jan/2026:16:12:57 +0200] "POST /wp-cron.php?doing_wp_cron=1769523177.8032870292663574218750 HTTP/1.1" 200 -
::1 - - [27/Jan/2026:16:12:58 +0200] "POST /wp-cron.php?doing_wp_cron=1769523178.2264449596405029296875 HTTP/1.1" 200 -
::1 - - [27/Jan/2026:16:12:58 +0200] "POST /wp-cron.php?doing_wp_cron=1769523178.2266170978546142578125 HTTP/1.1" 200 -
::1 - - [27/Jan/2026:16:12:58 +0200] "POST /wp-cron.php?doing_wp_cron=1769523178.2266199588775634765625 HTTP/1.1" 200 -
::1 - - [27/Jan/2026:16:13:13 +0200] "GET / HTTP/1.1" 200 37672
::1 - - [28/Jan/2026:14:29:27 +0200] "POST /wp-cron.php?doing_wp_cron=1769603367.0020420551300048828125 HTTP/1.1" 200 -
::1 - - [28/Jan/2026:14:29:27 +0200] "GET /wp-admin/?localwp_auto_login=1 HTTP/1.1" 302 -
::1 - - [28/Jan/2026:14:29:27 +0200] "POST /wp-cron.php?doing_wp_cron=1769603367.5050449371337890625000 HTTP/1.1" 200 -
::1 - - [28/Jan/2026:14:30:14 +0200] "POST /wp-cron.php?doing_wp_cron=1769603414.3566379547119140625000 HTTP/1.1" 200 -
::1 - - [28/Jan/2026:14:29:27 +0200] "GET /wp-admin/user/ HTTP/1.1" 302 -
::1 - - [28/Jan/2026:14:30:15 +0200] "GET /wp-includes/js/thickbox/thickbox.css?ver=6.9 HTTP/1.1" 200 2649
::1 - - [28/Jan/2026:14:30:14 +0200] "GET /wp-admin/ HTTP/1.1" 200 67336
::1 - - [28/Jan/2026:14:30:15 +0200] "GET /wp-includes/js/dist/i18n.min.js?ver=c26c3dc7bed366793375 HTTP/1.1" 200 5314
::1 - - [28/Jan/2026:14:30:15 +0200] "GET /wp-includes/js/dist/a11y.min.js?ver=cb460b4676c94bd228ed HTTP/1.1" 200 2212
::1 - - [28/Jan/2026:14:30:15 +0200] "GET /wp-admin/js/common.min.js?ver=6.9 HTTP/1.1" 200 23676
::1 - - [28/Jan/2026:14:30:15 +0200] "GET /wp-includes/js/hoverintent-js.min.js?ver=2.2.1 HTTP/1.1" 200 1718
::1 - - [28/Jan/2026:14:30:15 +0200] "GET /wp-includes/js/admin-bar.min.js?ver=6.9 HTTP/1.1" 200 3487
::1 - - [28/Jan/2026:14:30:15 +0200] "GET /wp-includes/js/clipboard.min.js?ver=2.0.11 HTTP/1.1" 200 9009
::1 - - [28/Jan/2026:14:30:15 +0200] "GET /wp-includes/js/underscore.min.js?ver=1.13.7 HTTP/1.1" 200 18905
::1 - - [28/Jan/2026:14:30:15 +0200] "GET /wp-includes/js/wp-util.min.js?ver=6.9 HTTP/1.1" 200 1426
::1 - - [28/Jan/2026:14:30:15 +0200] "GET /wp-includes/js/api-request.min.js?ver=6.9 HTTP/1.1" 200 1023
::1 - - [28/Jan/2026:14:30:15 +0200] "GET /wp-admin/js/site-health.min.js?ver=6.9 HTTP/1.1" 200 6282
::1 - - [28/Jan/2026:14:30:15 +0200] "GET /wp-includes/js/dist/url.min.js?ver=9e178c9516d1222dc834 HTTP/1.1" 200 8531
::1 - - [28/Jan/2026:14:30:15 +0200] "GET /wp-admin/load-scripts.php?c=0&load%5Bchunk_0%5D=hoverIntent,wp-dom-ready,wp-hooks&ver=6.9 HTTP/1.1" 200 7620
::1 - - [28/Jan/2026:14:30:15 +0200] "GET /wp-includes/js/wp-ajax-response.min.js?ver=6.9 HTTP/1.1" 200 2571
::1 - - [28/Jan/2026:14:30:15 +0200] "GET /wp-includes/js/jquery/jquery.color.min.js?ver=3.0.0 HTTP/1.1" 200 6645
::1 - - [28/Jan/2026:14:30:15 +0200] "GET /wp-includes/js/wp-lists.min.js?ver=6.9 HTTP/1.1" 200 7521
::1 - - [28/Jan/2026:14:30:15 +0200] "GET /wp-includes/js/jquery/jquery.query.js?ver=2.2.3 HTTP/1.1" 200 3694
::1 - - [28/Jan/2026:14:30:15 +0200] "GET /wp-includes/js/quicktags.min.js?ver=6.9 HTTP/1.1" 200 11132
::1 - - [28/Jan/2026:14:30:15 +0200] "GET /wp-admin/js/edit-comments.min.js?ver=6.9 HTTP/1.1" 200 15488
::1 - - [28/Jan/2026:14:30:15 +0200] "GET /wp-includes/js/jquery/ui/mouse.min.js?ver=1.13.3 HTTP/1.1" 200 3428
::1 - - [28/Jan/2026:14:30:15 +0200] "GET /wp-includes/js/jquery/ui/sortable.min.js?ver=1.13.3 HTTP/1.1" 200 25504
::1 - - [28/Jan/2026:14:30:15 +0200] "GET /wp-includes/js/jquery/ui/core.min.js?ver=1.13.3 HTTP/1.1" 200 21464
::1 - - [28/Jan/2026:14:30:15 +0200] "GET /wp-admin/js/postbox.min.js?ver=6.9 HTTP/1.1" 200 6761
::1 - - [28/Jan/2026:14:30:15 +0200] "GET /wp-includes/js/dist/deprecated.min.js?ver=e1f84915c5e8ae38964c HTTP/1.1" 200 684
::1 - - [28/Jan/2026:14:30:15 +0200] "GET /wp-admin/js/dashboard.min.js?ver=6.9 HTTP/1.1" 200 8862
::1 - - [28/Jan/2026:14:30:15 +0200] "GET /wp-includes/js/dist/vendor/moment.min.js?ver=2.30.1 HTTP/1.1" 200 58812
::1 - - [28/Jan/2026:14:30:15 +0200] "GET /wp-includes/js/thickbox/thickbox.js?ver=3.1-20121105 HTTP/1.1" 200 13332
::1 - - [28/Jan/2026:14:30:15 +0200] "GET /wp-admin/load-styles.php?c=0&dir=ltr&load%5Bchunk_0%5D=dashicons,admin-bar,site-health,common,forms,admin-menu,dashboard,list-tables,edit,revisions,media,themes,about,nav-menus,wp-poi&load%5Bchunk_1%5D=nter,widgets,site-icon,l10n,buttons,wp-auth-check,wp-components,wp-commands&ver=6.9 HTTP/1.1" 200 528950
::1 - - [28/Jan/2026:14:30:15 +0200] "GET /wp-includes/js/dist/date.min.js?ver=795a56839718d3ff7eae HTTP/1.1" 200 783699
::1 - - [28/Jan/2026:14:30:15 +0200] "GET /wp-admin/js/plugin-install.min.js?ver=6.9 HTTP/1.1" 200 2403
::1 - - [28/Jan/2026:14:30:15 +0200] "GET /wp-includes/js/wp-sanitize.min.js?ver=6.9 HTTP/1.1" 200 444
::1 - - [28/Jan/2026:14:30:15 +0200] "GET /wp-admin/js/updates.min.js?ver=6.9 HTTP/1.1" 200 48443
::1 - - [28/Jan/2026:14:30:15 +0200] "GET /wp-includes/js/shortcode.min.js?ver=6.9 HTTP/1.1" 200 2643
::1 - - [28/Jan/2026:14:30:15 +0200] "GET /wp-admin/js/media-upload.min.js?ver=6.9 HTTP/1.1" 200 1152
::1 - - [28/Jan/2026:14:30:15 +0200] "GET /wp-admin/load-scripts.php?c=0&load%5Bchunk_0%5D=jquery-core,jquery-migrate,utils&ver=6.9 HTTP/1.1" 200 102997
::1 - - [28/Jan/2026:14:30:15 +0200] "GET /wp-admin/js/svg-painter.js?ver=6.9 HTTP/1.1" 200 3280
::1 - - [28/Jan/2026:14:30:15 +0200] "GET /wp-includes/js/wp-auth-check.min.js?ver=6.9 HTTP/1.1" 200 1658
::1 - - [28/Jan/2026:14:30:15 +0200] "GET /wp-includes/js/dist/vendor/react.min.js?ver=18.3.1.1 HTTP/1.1" 200 10628
::1 - - [28/Jan/2026:14:30:15 +0200] "GET /wp-includes/js/heartbeat.min.js?ver=6.9 HTTP/1.1" 200 5947
::1 - - [28/Jan/2026:14:30:15 +0200] "GET /wp-includes/js/dist/vendor/react-jsx-runtime.min.js?ver=18.3.1 HTTP/1.1" 200 900
::1 - - [28/Jan/2026:14:30:15 +0200] "GET /wp-includes/js/dist/dom.min.js?ver=26edef3be6483da3de2e HTTP/1.1" 200 12598
::1 - - [28/Jan/2026:14:30:15 +0200] "GET /wp-includes/js/dist/escape-html.min.js?ver=6561a406d2d232a6fbd2 HTTP/1.1" 200 1000
::1 - - [28/Jan/2026:14:30:15 +0200] "GET /wp-includes/js/dist/element.min.js?ver=6a582b0c827fa25df3dd HTTP/1.1" 200 12112
::1 - - [28/Jan/2026:14:30:15 +0200] "GET /wp-includes/js/dist/vendor/react-dom.min.js?ver=18.3.1.1 HTTP/1.1" 200 128946
::1 - - [28/Jan/2026:14:30:15 +0200] "GET /wp-includes/js/dist/is-shallow-equal.min.js?ver=e0f9f1d78d83f5196979 HTTP/1.1" 200 1018
::1 - - [28/Jan/2026:14:30:15 +0200] "GET /wp-includes/js/dist/priority-queue.min.js?ver=2d59d091223ee9a33838 HTTP/1.1" 200 3382
::1 - - [28/Jan/2026:14:30:15 +0200] "GET /wp-includes/js/dist/keycodes.min.js?ver=34c8fb5e7a594a1c8037 HTTP/1.1" 200 2568
::1 - - [28/Jan/2026:14:30:15 +0200] "GET /wp-includes/js/dist/primitives.min.js?ver=0b5dcc337aa7cbf75570 HTTP/1.1" 200 1661
::1 - - [28/Jan/2026:14:30:15 +0200] "GET /wp-includes/js/dist/private-apis.min.js?ver=4f465748bda624774139 HTTP/1.1" 200 2833
::1 - - [28/Jan/2026:14:30:15 +0200] "GET /wp-includes/js/dist/html-entities.min.js?ver=e8b78b18a162491d5e5f HTTP/1.1" 200 792
::1 - - [28/Jan/2026:14:30:15 +0200] "GET /wp-includes/js/dist/redux-routine.min.js?ver=8bb92d45458b29590f53 HTTP/1.1" 200 8889
::1 - - [28/Jan/2026:14:30:15 +0200] "GET /wp-includes/js/dist/data.min.js?ver=f940198280891b0b6318 HTTP/1.1" 200 25446
::1 - - [28/Jan/2026:14:30:15 +0200] "GET /wp-includes/js/dist/warning.min.js?ver=d69bc18c456d01c11d5a HTTP/1.1" 200 303
::1 - - [28/Jan/2026:14:30:15 +0200] "GET /wp-includes/js/dist/compose.min.js?ver=7a9b375d8c19cf9d3d9b HTTP/1.1" 200 36634
::1 - - [28/Jan/2026:14:30:15 +0200] "GET /wp-includes/js/dist/keyboard-shortcuts.min.js?ver=fbc45a34ce65c5723afa HTTP/1.1" 200 3056
::1 - - [28/Jan/2026:14:30:15 +0200] "GET /wp-includes/js/dist/rich-text.min.js?ver=5bdbb44f3039529e3645 HTTP/1.1" 200 37297
::1 - - [28/Jan/2026:14:30:15 +0200] "GET /wp-includes/js/dist/api-fetch.min.js?ver=3a4d9af2b423048b0dee HTTP/1.1" 200 5799
::1 - - [28/Jan/2026:14:30:15 +0200] "GET /wp-includes/js/dist/blob.min.js?ver=9113eed771d446f4a556 HTTP/1.1" 200 1108
::1 - - [28/Jan/2026:14:30:15 +0200] "GET /wp-includes/js/dist/block-serialization-default-parser.min.js?ver=14d44daebf663d05d330 HTTP/1.1" 200 2400
::1 - - [28/Jan/2026:14:30:15 +0200] "GET /wp-includes/js/dist/autop.min.js?ver=9fb50649848277dd318d HTTP/1.1" 200 5614
::1 - - [28/Jan/2026:14:30:15 +0200] "GET /wp-includes/js/dist/commands.min.js?ver=cac8f4817ab7cea0ac49 HTTP/1.1" 200 49929
::1 - - [28/Jan/2026:14:30:15 +0200] "GET /wp-includes/js/dist/notices.min.js?ver=f62fbf15dcc23301922f HTTP/1.1" 200 2078
::1 - - [28/Jan/2026:14:30:15 +0200] "GET /wp-includes/js/dist/preferences-persistence.min.js?ver=e954d3a4426d311f7d1a HTTP/1.1" 200 5457
::1 - - [28/Jan/2026:14:30:15 +0200] "GET /wp-includes/js/dist/shortcode.min.js?ver=0b3174183b858f2df320 HTTP/1.1" 200 2898
::1 - - [28/Jan/2026:14:30:15 +0200] "GET /wp-includes/js/dist/blocks.min.js?ver=de131db49fa830bc97da HTTP/1.1" 200 176732
::1 - - [28/Jan/2026:14:30:15 +0200] "GET /wp-includes/js/dist/preferences.min.js?ver=2ca086aed510c242a1ed HTTP/1.1" 200 7014
::1 - - [28/Jan/2026:14:30:15 +0200] "GET /wp-includes/js/dist/style-engine.min.js?ver=7c6fcedc37dadafb8a81 HTTP/1.1" 200 6059
::1 - - [28/Jan/2026:14:30:15 +0200] "GET /wp-includes/js/dist/token-list.min.js?ver=cfdf635a436c3953a965 HTTP/1.1" 200 1299
::1 - - [28/Jan/2026:14:30:15 +0200] "GET /wp-includes/js/dist/core-data.min.js?ver=15baadfe6e1374188072 HTTP/1.1" 200 70383
::1 - - [28/Jan/2026:14:30:15 +0200] "GET /wp-includes/js/dist/core-commands.min.js?ver=effe2d88d7f0c50a8ce9 HTTP/1.1" 200 10639
::1 - - [28/Jan/2026:14:30:15 +0200] "GET /wp-includes/js/dist/components.min.js?ver=ad5cb4227f07a3d422ad HTTP/1.1" 200 805252
::1 - - [28/Jan/2026:14:30:15 +0200] "GET /wp-includes/js/dist/router.min.js?ver=2dfc4b954318a03e6a76 HTTP/1.1" 200 13763
::1 - - [28/Jan/2026:14:30:15 +0200] "GET /wp-includes/js/dist/block-editor.min.js?ver=6ab992f915da9674d250 HTTP/1.1" 200 891629
::1 - - [28/Jan/2026:14:30:15 +0200] "GET /wp-includes/js/thickbox/loadingAnimation.gif HTTP/1.1" 200 15238
::1 - - [28/Jan/2026:14:30:15 +0200] "GET /favicon.ico HTTP/1.1" 302 -
::1 - - [28/Jan/2026:14:30:15 +0200] "GET /wp-includes/images/w-logo-blue-white-bg.png HTTP/1.1" 200 4119
::1 - - [28/Jan/2026:14:30:15 +0200] "POST /wp-admin/admin-ajax.php HTTP/1.1" 200 92
::1 - - [28/Jan/2026:14:30:15 +0200] "GET /wp-admin/images/spinner-2x.gif HTTP/1.1" 200 7536
::1 - - [28/Jan/2026:14:30:15 +0200] "GET /wp-admin/admin-ajax.php?action=dashboard-widgets&widget=dashboard_primary&pagenow=dashboard HTTP/1.1" 200 937
::1 - - [28/Jan/2026:14:32:20 +0200] "GET /wp-admin/load-styles.php?c=0&dir=ltr&load%5Bchunk_0%5D=dashicons,admin-bar,common,forms,admin-menu,dashboard,list-tables,edit,revisions,media,themes,about,nav-menus,wp-pointer,widgets&load%5Bchunk_1%5D=,site-icon,l10n,buttons,wp-auth-check,wp-components,wp-commands&ver=6.9 HTTP/1.1" 200 523663
::1 - - [28/Jan/2026:14:32:20 +0200] "GET /wp-admin/load-scripts.php?c=0&load%5Bchunk_0%5D=jquery-core,jquery-migrate,utils,zxcvbn-async&ver=6.9 HTTP/1.1" 200 103349
::1 - - [28/Jan/2026:14:32:20 +0200] "GET /wp-admin/profile.php HTTP/1.1" 200 67842
::1 - - [28/Jan/2026:14:32:21 +0200] "GET /wp-admin/js/password-strength-meter.min.js?ver=6.9 HTTP/1.1" 200 1123
::1 - - [28/Jan/2026:14:32:21 +0200] "GET /wp-admin/js/user-profile.min.js?ver=6.9 HTTP/1.1" 200 7997
::1 - - [28/Jan/2026:14:32:21 +0200] "GET /wp-admin/js/application-passwords.min.js?ver=6.9 HTTP/1.1" 200 3024
::1 - - [28/Jan/2026:14:32:21 +0200] "GET /wp-includes/js/zxcvbn.min.js HTTP/1.1" 200 822237
::1 - - [28/Jan/2026:14:32:26 +0200] "GET /wp-admin/themes.php HTTP/1.1" 200 70997
::1 - - [28/Jan/2026:14:32:26 +0200] "GET /wp-content/themes/study-circle/screenshot.png?ver=2.4 HTTP/1.1" 200 246832
::1 - - [28/Jan/2026:14:32:26 +0200] "GET /wp-content/themes/education-hub/screenshot.png?ver=3.0.1 HTTP/1.1" 200 1500164
::1 - - [28/Jan/2026:14:32:26 +0200] "GET /wp-includes/js/backbone.min.js?ver=1.6.0 HTTP/1.1" 200 24301
::1 - - [28/Jan/2026:14:32:26 +0200] "GET /wp-includes/js/wp-backbone.min.js?ver=6.9 HTTP/1.1" 200 3039
::1 - - [28/Jan/2026:14:32:26 +0200] "GET /wp-content/themes/twentytwentyfive/screenshot.png?ver=1.3 HTTP/1.1" 200 216683
::1 - - [28/Jan/2026:14:32:26 +0200] "GET /wp-content/themes/twentytwentythree/screenshot.png?ver=1.6 HTTP/1.1" 200 81654
::1 - - [28/Jan/2026:14:32:26 +0200] "GET /wp-content/themes/twentytwentyfour/screenshot.png?ver=1.3 HTTP/1.1" 200 721059
::1 - - [28/Jan/2026:14:32:26 +0200] "GET /wp-includes/js/customize-base.min.js?ver=6.9 HTTP/1.1" 200 7852
::1 - - [28/Jan/2026:14:32:26 +0200] "GET /wp-admin/js/theme.min.js?ver=6.9 HTTP/1.1" 200 27142
::1 - - [28/Jan/2026:14:33:05 +0200] "GET /wp-admin/theme-install.php HTTP/1.1" 200 56425
::1 - - [28/Jan/2026:14:33:05 +0200] "POST /wp-admin/admin-ajax.php HTTP/1.1" 200 217314
::1 - - [28/Jan/2026:14:33:35 +0200] "GET /wp-admin/load-styles.php?c=0&dir=ltr&load%5Bchunk_0%5D=dashicons,admin-bar,common,forms,admin-menu,dashboard,list-tables,edit,revisions,media,themes,about,nav-menus,wp-pointer,widgets&load%5Bchunk_1%5D=,site-icon,l10n,buttons,wp-components,wp-commands&ver=6.9 HTTP/1.1" 200 521769
::1 - - [28/Jan/2026:14:33:35 +0200] "POST /wp-admin/update.php?action=upload-theme HTTP/1.1" 200 33940
::1 - - [28/Jan/2026:14:33:53 +0200] "GET /wp-admin/plugin-install.php HTTP/1.1" 200 87442
::1 - - [28/Jan/2026:14:33:59 +0200] "POST /wp-admin/update.php?action=upload-plugin HTTP/1.1" 200 34180
::1 - - [28/Jan/2026:14:34:02 +0200] "POST /wp-cron.php?doing_wp_cron=1769603642.9060781002044677734375 HTTP/1.1" 200 -
::1 - - [28/Jan/2026:14:34:01 +0200] "GET /wp-admin/plugins.php?action=activate&plugin=gplcellar%2Fgplcellar.php&_wpnonce=acb9006a0b HTTP/1.1" 302 -
::1 - - [28/Jan/2026:14:34:02 +0200] "GET /wp-admin/plugins.php?activate=true&plugin_status=all&paged=1&s= HTTP/1.1" 200 62855
::1 - - [28/Jan/2026:14:34:13 +0200] "POST /wp-admin/admin-ajax.php HTTP/1.1" 200 16
::1 - - [28/Jan/2026:14:34:17 +0200] "GET /wp-admin/themes.php HTTP/1.1" 200 72869
::1 - - [28/Jan/2026:14:34:19 +0200] "GET /wp-admin/plugins.php HTTP/1.1" 200 62505
::1 - - [28/Jan/2026:14:34:25 +0200] "GET /wp-admin/plugins.php HTTP/1.1" 200 62505
::1 - - [28/Jan/2026:14:34:27 +0200] "GET /wp-admin/index.php HTTP/1.1" 200 70089
::1 - - [28/Jan/2026:14:34:27 +0200] "POST /wp-admin/admin-ajax.php HTTP/1.1" 200 92
::1 - - [28/Jan/2026:14:34:29 +0200] "GET /wp-admin/themes.php HTTP/1.1" 200 72869
::1 - - [28/Jan/2026:14:34:31 +0200] "GET /wp-admin/theme-install.php HTTP/1.1" 200 58297
::1 - - [28/Jan/2026:14:34:31 +0200] "POST /wp-admin/admin-ajax.php HTTP/1.1" 200 217314
::1 - - [28/Jan/2026:14:34:38 +0200] "POST /wp-admin/admin-ajax.php HTTP/1.1" 200 250189
::1 - - [28/Jan/2026:14:34:39 +0200] "POST /wp-admin/admin-ajax.php HTTP/1.1" 200 274962
::1 - - [28/Jan/2026:14:34:41 +0200] "POST /wp-admin/admin-ajax.php HTTP/1.1" 200 276909
::1 - - [28/Jan/2026:14:34:43 +0200] "POST /wp-admin/admin-ajax.php HTTP/1.1" 200 77
::1 - - [28/Jan/2026:14:34:46 +0200] "GET /wp-admin/admin.php?page=gplcellar HTTP/1.1" 200 37366
::1 - - [28/Jan/2026:14:34:46 +0200] "GET /wp-content/plugins/gplcellar/style/brand.css?ver=6.9 HTTP/1.1" 200 358
::1 - - [28/Jan/2026:14:34:46 +0200] "GET /wp-content/plugins/gplcellar/assets/styling.css?ver=6.9 HTTP/1.1" 200 47082
::1 - - [28/Jan/2026:14:34:46 +0200] "GET /wp-content/plugins/gplcellar/assets/js/app.js?ver=4.1.1 HTTP/1.1" 200 760328
::1 - - [28/Jan/2026:14:34:46 +0200] "POST /wp-admin/admin-ajax.php HTTP/1.1" 200 89
::1 - - [28/Jan/2026:14:34:46 +0200] "POST /wp-admin/admin-ajax.php HTTP/1.1" 200 166
::1 - - [28/Jan/2026:14:34:46 +0200] "POST /wp-admin/admin-ajax.php HTTP/1.1" 200 82
::1 - - [28/Jan/2026:14:34:46 +0200] "POST /wp-admin/admin-ajax.php HTTP/1.1" 200 35
::1 - - [28/Jan/2026:14:34:47 +0200] "POST /wp-admin/admin-ajax.php HTTP/1.1" 200 51490
::1 - - [28/Jan/2026:14:34:51 +0200] "POST /wp-admin/admin-ajax.php HTTP/1.1" 200 58336
::1 - - [28/Jan/2026:14:34:52 +0200] "POST /wp-admin/admin-ajax.php HTTP/1.1" 200 4418
::1 - - [28/Jan/2026:14:35:00 +0200] "POST /wp-admin/admin-ajax.php HTTP/1.1" 200 57508
::1 - - [28/Jan/2026:14:35:25 +0200] "POST /wp-admin/admin-ajax.php HTTP/1.1" 200 61468
::1 - - [28/Jan/2026:14:35:47 +0200] "POST /wp-admin/admin-ajax.php HTTP/1.1" 200 47
::1 - - [28/Jan/2026:14:36:07 +0200] "POST /wp-admin/admin-ajax.php HTTP/1.1" 200 253
::1 - - [28/Jan/2026:14:36:10 +0200] "POST /wp-admin/admin-ajax.php HTTP/1.1" 200 3931
::1 - - [28/Jan/2026:14:36:16 +0200] "POST /wp-admin/admin-ajax.php HTTP/1.1" 200 304
::1 - - [28/Jan/2026:14:36:20 +0200] "POST /wp-admin/admin-ajax.php HTTP/1.1" 200 61468
::1 - - [28/Jan/2026:14:57:01 +0200] "POST /wp-cron.php?doing_wp_cron=1769605021.3146319389343261718750 HTTP/1.1" 200 -
::1 - - [28/Jan/2026:14:57:01 +0200] "POST /wp-admin/admin-ajax.php HTTP/1.1" 200 47
::1 - - [28/Jan/2026:14:57:07 +0200] "POST /wp-admin/admin-ajax.php HTTP/1.1" 200 66977
::1 - - [28/Jan/2026:14:57:14 +0200] "POST /wp-admin/admin-ajax.php HTTP/1.1" 200 51490
::1 - - [28/Jan/2026:14:57:20 +0200] "POST /wp-admin/admin-ajax.php HTTP/1.1" 200 56022
::1 - - [28/Jan/2026:14:57:24 +0200] "POST /wp-admin/admin-ajax.php HTTP/1.1" 200 35
::1 - - [28/Jan/2026:14:57:27 +0200] "POST /wp-admin/admin-ajax.php HTTP/1.1" 200 94
::1 - - [28/Jan/2026:14:57:29 +0200] "POST /wp-admin/admin-ajax.php HTTP/1.1" 200 36
::1 - - [28/Jan/2026:14:57:29 +0200] "POST /wp-admin/admin-ajax.php HTTP/1.1" 200 36
::1 - - [28/Jan/2026:14:57:47 +0200] "GET /wp-admin/index.php HTTP/1.1" 200 70089
::1 - - [28/Jan/2026:14:57:47 +0200] "POST /wp-admin/admin-ajax.php HTTP/1.1" 200 92
::1 - - [28/Jan/2026:14:57:47 +0200] "GET /wp-admin/about.php HTTP/1.1" 200 46671
::1 - - [28/Jan/2026:14:57:47 +0200] "GET /wp-admin/images/about-release-badge.svg?ver=6.9 HTTP/1.1" 200 1959
::1 - - [28/Jan/2026:14:57:49 +0200] "GET / HTTP/1.1" 200 46252
::1 - - [28/Jan/2026:14:57:50 +0200] "GET /wp-includes/css/admin-bar.min.css?ver=6.9 HTTP/1.1" 200 20125
::1 - - [28/Jan/2026:14:57:50 +0200] "GET /wp-includes/css/dashicons.min.css?ver=6.9 HTTP/1.1" 200 59004
::1 - - [28/Jan/2026:14:57:50 +0200] "GET /wp-content/themes/education-hub/css/blocks.css?ver=20201208 HTTP/1.1" 200 3238
::1 - - [28/Jan/2026:14:57:50 +0200] "GET /wp-content/themes/education-hub/third-party/font-awesome/css/all.min.css?ver=6.7.2 HTTP/1.1" 200 73890
::1 - - [28/Jan/2026:14:57:50 +0200] "GET /wp-content/themes/education-hub/style.css?ver=3.0.1 HTTP/1.1" 200 98334
::1 - - [28/Jan/2026:14:57:50 +0200] "GET /wp-includes/js/jquery/jquery-migrate.min.js?ver=3.4.1 HTTP/1.1" 200 13577
::1 - - [28/Jan/2026:14:57:50 +0200] "GET /wp-content/themes/education-hub/js/skip-link-focus-fix.min.js?ver=20130115 HTTP/1.1" 200 476
::1 - - [28/Jan/2026:14:57:50 +0200] "GET /wp-includes/js/jquery/jquery.min.js?ver=3.7.1 HTTP/1.1" 200 87553
::1 - - [28/Jan/2026:14:57:50 +0200] "GET /wp-content/themes/education-hub/third-party/cycle2/js/jquery.cycle2.min.js?ver=2.1.6 HTTP/1.1" 200 21941
::1 - - [28/Jan/2026:14:57:50 +0200] "GET /wp-content/themes/education-hub/js/custom.min.js?ver=1.0 HTTP/1.1" 200 646
::1 - - [28/Jan/2026:14:57:50 +0200] "GET /wp-content/themes/education-hub/js/navigation.min.js?ver=20120206 HTTP/1.1" 200 3526
::1 - - [28/Jan/2026:14:57:50 +0200] "GET /wp-content/uploads/2025/12/cropped-school-supplies-banner-vector-51268971-1.avif HTTP/1.1" 200 17916
::1 - - [28/Jan/2026:14:57:50 +0200] "GET /wp-content/themes/education-hub/third-party/font-awesome/webfonts/fa-solid-900.woff2 HTTP/1.1" 200 158220
::1 - - [28/Jan/2026:14:57:50 +0200] "GET /wp-includes/js/wp-emoji-release.min.js?ver=6.9 HTTP/1.1" 200 22762
::1 - - [28/Jan/2026:14:57:52 +0200] "GET /%cf%83%cf%84%ce%bf%ce%bb%ce%ad%cf%82-%cf%80%ce%b1%cf%81%ce%b1%ce%b3%ce%b3%ce%b5%ce%bb%ce%af%ce%b5%cf%82/ HTTP/1.1" 200 48292
::1 - - [28/Jan/2026:14:57:52 +0200] "GET /wp-content/uploads/2025/12/image-4.png HTTP/1.1" 200 175975
::1 - - [28/Jan/2026:14:57:53 +0200] "GET /%ce%b5%ce%ba%ce%b4%ce%b7%ce%bb%cf%8e%cf%83%ce%b5%ce%b9%cf%82/ HTTP/1.1" 200 42832
::1 - - [28/Jan/2026:14:58:00 +0200] "GET /wp-admin/about.php HTTP/1.1" 200 46671
::1 - - [28/Jan/2026:14:59:00 +0200] "-" 408 -
::1 - - [28/Jan/2026:14:59:01 +0200] "POST /wp-admin/admin-ajax.php HTTP/1.1" 200 47
::1 - - [28/Jan/2026:15:01:01 +0200] "POST /wp-admin/admin-ajax.php HTTP/1.1" 200 47
::1 - - [28/Jan/2026:15:02:01 +0200] "POST /wp-admin/admin-ajax.php HTTP/1.1" 200 47
::1 - - [28/Jan/2026:15:02:54 +0200] "GET /wp-admin/update-core.php HTTP/1.1" 200 44991
::1 - - [28/Jan/2026:15:03:04 +0200] "GET /wp-admin/edit.php HTTP/1.1" 200 73056
::1 - - [28/Jan/2026:15:03:04 +0200] "GET /wp-includes/js/jquery/ui/menu.min.js?ver=1.13.3 HTTP/1.1" 200 10199
::1 - - [28/Jan/2026:15:03:04 +0200] "GET /wp-includes/js/jquery/ui/autocomplete.min.js?ver=1.13.3 HTTP/1.1" 200 8536
::1 - - [28/Jan/2026:15:03:04 +0200] "GET /wp-admin/js/inline-edit-post.min.js?ver=6.9 HTTP/1.1" 200 9639
::1 - - [28/Jan/2026:15:03:04 +0200] "GET /wp-admin/js/tags-suggest.min.js?ver=6.9 HTTP/1.1" 200 2269
::1 - - [28/Jan/2026:15:03:04 +0200] "POST /wp-admin/admin-ajax.php HTTP/1.1" 200 47
::1 - - [28/Jan/2026:15:03:05 +0200] "GET /wp-admin/upload.php HTTP/1.1" 200 110474
::1 - - [28/Jan/2026:15:03:06 +0200] "GET /wp-includes/js/imgareaselect/imgareaselect.css?ver=0.9.8 HTTP/1.1" 200 790
::1 - - [28/Jan/2026:15:03:06 +0200] "GET /wp-includes/js/media-models.min.js?ver=6.9 HTTP/1.1" 200 13284
::1 - - [28/Jan/2026:15:03:06 +0200] "GET /wp-includes/js/mediaelement/wp-mediaelement.min.css?ver=6.9 HTTP/1.1" 200 4186
::1 - - [28/Jan/2026:15:03:06 +0200] "GET /wp-includes/js/mediaelement/mediaelementplayer-legacy.min.css?ver=4.2.17 HTTP/1.1" 200 11256
::1 - - [28/Jan/2026:15:03:06 +0200] "GET /wp-includes/js/plupload/wp-plupload.min.js?ver=6.9 HTTP/1.1" 200 6036
::1 - - [28/Jan/2026:15:03:06 +0200] "GET /wp-includes/js/mediaelement/mediaelement-migrate.min.js?ver=6.9 HTTP/1.1" 200 1191
::1 - - [28/Jan/2026:15:03:06 +0200] "GET /wp-includes/js/mediaelement/wp-mediaelement.min.js?ver=6.9 HTTP/1.1" 200 1107
::1 - - [28/Jan/2026:15:03:06 +0200] "GET /wp-includes/js/media-editor.min.js?ver=6.9 HTTP/1.1" 200 10885
::1 - - [28/Jan/2026:15:03:06 +0200] "GET /wp-includes/js/media-audiovideo.min.js?ver=6.9 HTTP/1.1" 200 12052
::1 - - [28/Jan/2026:15:03:06 +0200] "GET /wp-includes/js/mce-view.min.js?ver=6.9 HTTP/1.1" 200 9770
::1 - - [28/Jan/2026:15:03:06 +0200] "GET /wp-includes/js/imgareaselect/jquery.imgareaselect.min.js?ver=6.9 HTTP/1.1" 200 9770
::1 - - [28/Jan/2026:15:03:06 +0200] "GET /wp-includes/js/mediaelement/mediaelement-and-player.min.js?ver=4.2.17 HTTP/1.1" 200 158005
::1 - - [28/Jan/2026:15:03:06 +0200] "GET /wp-admin/js/image-edit.min.js?ver=6.9 HTTP/1.1" 200 15515
::1 - - [28/Jan/2026:15:03:06 +0200] "GET /wp-includes/js/media-grid.min.js?ver=6.9 HTTP/1.1" 200 13294
::1 - - [28/Jan/2026:15:03:06 +0200] "GET /wp-includes/js/media-views.min.js?ver=6.9 HTTP/1.1" 200 110772
::1 - - [28/Jan/2026:15:03:06 +0200] "GET /wp-admin/js/media.min.js?ver=6.9 HTTP/1.1" 200 2439
::1 - - [28/Jan/2026:15:03:06 +0200] "GET /wp-admin/load-scripts.php?c=0&load%5Bchunk_0%5D=jquery-core,jquery-migrate,utils,moxiejs,plupload&ver=6.9 HTTP/1.1" 200 205998
::1 - - [28/Jan/2026:15:03:06 +0200] "GET /wp-admin/load-styles.php?c=0&dir=ltr&load%5Bchunk_0%5D=dashicons,admin-bar,buttons,media-views,common,forms,admin-menu,dashboard,list-tables,edit,revisions,media,themes,about,nav-menu&load%5Bchunk_1%5D=s,wp-pointer,widgets,site-icon,l10n,wp-auth-check,wp-components,wp-commands&ver=6.9 HTTP/1.1" 200 570338
::1 - - [28/Jan/2026:15:03:06 +0200] "GET /wp-includes/images/spinner-2x.gif HTTP/1.1" 200 7536
::1 - - [28/Jan/2026:15:03:06 +0200] "POST /wp-admin/admin-ajax.php HTTP/1.1" 200 31940
::1 - - [28/Jan/2026:15:03:06 +0200] "GET /wp-includes/images/media/archive.svg HTTP/1.1" 200 391
::1 - - [28/Jan/2026:15:03:06 +0200] "GET /wp-content/uploads/2025/12/vector-cartoon-illustration-school-building-green-lawn-road-trees-educalion-l_134830-1588-300x169.avif HTTP/1.1" 200 12966
::1 - - [28/Jan/2026:15:03:06 +0200] "GET /wp-content/uploads/2025/12/Cheerful-group-of-kids-at-school-room-having-education-activity-300x200.webp HTTP/1.1" 200 14372
::1 - - [28/Jan/2026:15:03:06 +0200] "GET /wp-content/uploads/2025/12/image-5-300x257.png HTTP/1.1" 200 7647
::1 - - [28/Jan/2026:15:03:06 +0200] "GET /wp-content/uploads/2025/12/image-4-234x300.png HTTP/1.1" 200 27247
::1 - - [28/Jan/2026:15:03:06 +0200] "GET /wp-content/uploads/2025/12/image-6-300x200.png HTTP/1.1" 200 45485
::1 - - [28/Jan/2026:15:03:06 +0200] "GET /wp-content/uploads/2025/12/image-3-267x300.png HTTP/1.1" 200 45965
::1 - - [28/Jan/2026:15:03:06 +0200] "GET /wp-content/uploads/2025/12/image-1-300x136.png HTTP/1.1" 200 23557
::1 - - [28/Jan/2026:15:03:06 +0200] "GET /wp-content/uploads/2025/12/image-2-261x300.png HTTP/1.1" 200 43812
::1 - - [28/Jan/2026:15:03:06 +0200] "GET /wp-content/uploads/2025/12/cropped-school-supplies-banner-vector-51268971-1-300x64.avif HTTP/1.1" 200 5973
::1 - - [28/Jan/2026:15:03:06 +0200] "GET /wp-content/uploads/2025/12/cropped-school-supplies-banner-vector-51268971-300x55.avif HTTP/1.1" 200 5718
::1 - - [28/Jan/2026:15:03:06 +0200] "GET /wp-content/uploads/2025/12/image-300x300.png HTTP/1.1" 200 39099
::1 - - [28/Jan/2026:15:03:06 +0200] "GET /wp-content/uploads/2025/12/cropped-cropped-9407c2b6-69b8-49ae-bcf0-1f0190f7f6db-300x28.png HTTP/1.1" 200 8387
::1 - - [28/Jan/2026:15:03:06 +0200] "GET /wp-content/uploads/2025/12/school-supplies-banner-vector-51268971-300x120.avif HTTP/1.1" 200 11488
::1 - - [28/Jan/2026:15:03:06 +0200] "GET /wp-content/uploads/2025/12/cropped-9407c2b6-69b8-49ae-bcf0-1f0190f7f6db-300x73.png HTTP/1.1" 200 20289
::1 - - [28/Jan/2026:15:03:06 +0200] "GET /wp-content/uploads/2025/12/cropped-fe01e8b7-4c47-40c8-8876-5469f73f9686-1-300x71.png HTTP/1.1" 200 19928
::1 - - [28/Jan/2026:15:03:06 +0200] "GET /wp-content/uploads/2025/12/9407c2b6-69b8-49ae-bcf0-1f0190f7f6db-300x200.png HTTP/1.1" 200 41499
::1 - - [28/Jan/2026:15:03:06 +0200] "GET /wp-content/uploads/2025/12/fe01e8b7-4c47-40c8-8876-5469f73f9686-300x200.png HTTP/1.1" 200 50095
::1 - - [28/Jan/2026:15:03:08 +0200] "GET /wp-admin/themes.php HTTP/1.1" 200 72873
::1 - - [28/Jan/2026:15:03:10 +0200] "GET /wp-admin/users.php HTTP/1.1" 200 50529
::1 - - [28/Jan/2026:15:03:11 +0200] "GET /wp-admin/tools.php HTTP/1.1" 200 38129
::1 - - [28/Jan/2026:15:03:12 +0200] "GET /wp-admin/options-general.php HTTP/1.1" 200 154580
::1 - - [28/Jan/2026:15:03:12 +0200] "GET /wp-admin/load-styles.php?c=0&dir=ltr&load%5Bchunk_0%5D=media-views&ver=6.9 HTTP/1.1" 200 46675
::1 - - [28/Jan/2026:15:03:12 +0200] "GET /wp-includes/js/plupload/moxie.min.js?ver=1.3.5.1 HTTP/1.1" 200 87394
::1 - - [28/Jan/2026:15:03:12 +0200] "GET /wp-includes/js/plupload/plupload.min.js?ver=2.1.9 HTTP/1.1" 200 15605
::1 - - [28/Jan/2026:15:03:12 +0200] "GET /wp-admin/js/site-icon.js?ver=6.9 HTTP/1.1" 200 6243
::1 - - [28/Jan/2026:15:04:12 +0200] "POST /wp-admin/admin-ajax.php HTTP/1.1" 200 47
::1 - - [28/Jan/2026:15:05:12 +0200] "POST /wp-admin/admin-ajax.php HTTP/1.1" 200 47
::1 - - [28/Jan/2026:15:06:12 +0200] "POST /wp-admin/admin-ajax.php HTTP/1.1" 200 47
::1 - - [28/Jan/2026:15:07:12 +0200] "POST /wp-admin/admin-ajax.php HTTP/1.1" 200 47
::1 - - [28/Jan/2026:15:09:12 +0200] "POST /wp-admin/admin-ajax.php HTTP/1.1" 200 47
::1 - - [28/Jan/2026:15:11:05 +0200] "GET / HTTP/1.1" 200 37672
::1 - - [28/Jan/2026:15:11:05 +0200] "GET /wp-content/themes/education-hub/css/blocks.css?ver=20201208 HTTP/1.1" 304 -
::1 - - [28/Jan/2026:15:11:05 +0200] "GET /wp-content/themes/education-hub/js/navigation.min.js?ver=20120206 HTTP/1.1" 304 -
::1 - - [28/Jan/2026:15:11:05 +0200] "GET /wp-content/themes/education-hub/third-party/font-awesome/css/all.min.css?ver=6.7.2 HTTP/1.1" 304 -
::1 - - [28/Jan/2026:15:11:05 +0200] "GET /wp-content/themes/education-hub/js/custom.min.js?ver=1.0 HTTP/1.1" 304 -
::1 - - [28/Jan/2026:15:11:05 +0200] "GET /wp-content/themes/education-hub/style.css?ver=3.0.1 HTTP/1.1" 304 -
::1 - - [28/Jan/2026:15:11:05 +0200] "GET /wp-content/themes/education-hub/third-party/cycle2/js/jquery.cycle2.min.js?ver=2.1.6 HTTP/1.1" 304 -
::1 - - [28/Jan/2026:15:11:05 +0200] "GET /wp-content/themes/education-hub/js/skip-link-focus-fix.min.js?ver=20130115 HTTP/1.1" 304 -
::1 - - [28/Jan/2026:15:11:05 +0200] "GET /wp-content/themes/education-hub/third-party/font-awesome/webfonts/fa-solid-900.woff2 HTTP/1.1" 304 -
::1 - - [28/Jan/2026:15:11:05 +0200] "GET /wp-includes/js/wp-emoji-release.min.js?ver=6.9 HTTP/1.1" 304 -
::1 - - [28/Jan/2026:15:11:05 +0200] "GET /favicon.ico HTTP/1.1" 302 -
::1 - - [28/Jan/2026:15:11:05 +0200] "GET /wp-includes/images/w-logo-blue-white-bg.png HTTP/1.1" 200 4119
::1 - - [28/Jan/2026:15:11:08 +0200] "POST /wp-admin/admin-ajax.php HTTP/1.1" 200 47
